KLEE: output directory is "/tmp/code/klee-out-0"
KLEE: Using STP solver backend
KLEE: WARNING: undefined reference to function: printf
KLEE: WARNING ONCE: calling external: printf\([0-9]+\)
Zażółć gęślą jaźń

KLEE: done: total instructions = [0-9]
KLEE: done: completed paths = 1
KLEE: done: generated tests = 1