KLEE: NOTE: Using klee-uclibc : /usr/local/lib/klee-uclibc.bca
KLEE: NOTE: Using model: /usr/local/lib/libkleeRuntimePOSIX.bca
KLEE: output directory is "/code/klee-out-0"
KLEE: WARNING ONCE: calling external: syscall\(16, 0, [0-9]+, [0-9]+\)
KLEE: WARNING ONCE: calling __user_main with extra arguments.
KLEE: WARNING ONCE: calling external: printf\([0-9]+\)
((goodbye!
hello!)|(hello!
goodbye!))

KLEE: done: total instructions = [0-9]+
KLEE: done: completed paths = 2
KLEE: done: generated tests = 2