KLEE: NOTE: .*
KLEE: NOTE: .*
KLEE: Using STP solver backend
KLEE: WARNING ONCE: .*
KLEE: WARNING ONCE: .*
KLEE: WARNING ONCE: .*
KLEE: WARNING ONCE: .*
goodbye!
hello!

KLEE: done: total instructions = [0-9]+
KLEE: done: completed paths = 2
KLEE: done: generated tests = 2