/code/result.c:4:9: warning: missing terminating '"' character \[-Winvalid-pp-token\]
        printf\("Hello world\\n\);
               \^
/code/result.c:4:9: error: expected expression
1 warning and 1 error generated.